../Core/Src/main.c:79:6:HAL_ADC_ConvCpltCallback	16	static
../Core/Src/main.c:90:5:main	8	static
../Core/Src/main.c:157:6:SystemClock_Config	88	static
../Core/Src/main.c:201:13:MX_ADC1_Init	24	static
../Core/Src/main.c:266:13:MX_I2C1_Init	8	static
../Core/Src/main.c:300:13:MX_TIM2_Init	48	static
../Core/Src/main.c:361:13:MX_USART1_UART_Init	8	static
../Core/Src/main.c:392:13:MX_DMA_Init	16	static
../Core/Src/main.c:410:13:MX_GPIO_Init	32	static
../Core/Src/main.c:452:6:read_pid_value	32	static
../Core/Src/main.c:475:6:HAL_GPIO_EXTI_Callback	32	static
../Core/Src/main.c:504:6:Error_Handler	4	static,ignoring_inline_asm
